name: include_vendor
version: 2.18.0
description: Autogenerated by the frugal compiler
environment:
  sdk: ^1.13.0
dependencies:
  excepts:
    path: ../excepts
  frugal:
    hosted:
      name: frugal
      url: https://pub.workiva.org
    version: ^2.18.0
  logging: ^0.11.2
  some_vendored_place:
    hosted:
      name: some_vendored_place
      url: https://pub.workiva.org
    version: any
  thrift:
    hosted:
      name: thrift
      url: https://pub.workiva.org
    version: ^0.0.7
