
<html>
	<head>
	    <link href="style.css" rel="stylesheet" type="text/css" />
		<title>Frugal Module: base</title>
	</head>
	<body>
		<div class="container-fluid">
			<h1>Frugal Module: base</h1>
			<table class="table-bordered table-striped table-condensed">
				<tr>
					<th>Module</th>
					<th>Services</th>
					<th>Scopes</th>
					<th>Data Types</th>
					<th>Constants</th>
				</tr>
				<tr>
					<td>base</td>
					<td>
					
						<a href="#svc_BaseFoo">BaseFoo</a><br />
						<ul>
						
							<li><a href="#fn_BaseFoo_basePing">basePing</a></li>
						
						</ul>
					
					</td>
					<td>
					
					</td>
					<td>
					
					
						<a href="#enum_base_health_condition">base_health_condition</a><br />
					
					
						<a href="#struct_thing">thing</a><br />
					
						<a href="#struct_nested_thing">nested_thing</a><br />
					
						<a href="#struct_api_exception">api_exception</a><br />
					
					</td>
					<td>
					
					    <code><a href="#const_const_i32_from_base">const_i32_from_base</a></code><br />
					
					</td>
				</tr>
			</table>
			
			<hr />
			<h2 id="constants">Constants</h2>
			<table class="table-bordered table-striped table-condensed">
				<tr>
					<th>Constant</th>
					<th>Type</th>
					<th>Value</th>
				</tr>
				
				<tr id="const_const_i32_from_base">
					<td><code>const_i32_from_base</code></td>
					<td><code>i32</code></td>
					<td><code>582</code></td>
				</tr>
				
				
			</table>
			
			
			<hr />
			<h2 id="enumerations">Enumerations</h2>
			
				<div class="definition">
					<h3 id="enum_base_health_condition">Enumeration: base_health_condition</h3>
					
					<table class="table-bordered table-striped table-condensed">
					
						<tr>
							<td><code>PASS</code></td>
							<td><code>1</code></td>
							<td>
							
								
							</td>
						</tr>
					
						<tr>
							<td><code>WARN</code></td>
							<td><code>2</code></td>
							<td>
							
								
							</td>
						</tr>
					
						<tr>
							<td><code>FAIL</code></td>
							<td><code>3</code></td>
							<td>
							
								
							</td>
						</tr>
					
						<tr>
							<td><code>UNKNOWN</code></td>
							<td><code>4</code></td>
							<td>
							
								
							</td>
						</tr>
					
					</table>
				</div>
			
			
			
			
			<hr />
			<h2 id="structs">Data Structures</h2>
			
			<div class="definition">
				<h3 id="struct_thing">Struct: thing</h3>
				<table class="table-bordered table-striped table-condensed">
					<tr>
						<th>Key</th>
						<th>Field</th>
						<th>Type</th>
						<th>Description</th>
						<th>Requiredness</th>
						<th>Default Value</th>
					</tr>
					
					<tr>
						<td>1</td>
						<td>an_id</td>
						<td><code>i32</code></td>
						<td></td>
						<td>default</td>
						<td></td>
					</tr>
					
					<tr>
						<td>2</td>
						<td>a_string</td>
						<td><code>string</code></td>
						<td></td>
						<td>default</td>
						<td></td>
					</tr>
					
				</table>
				<br />
				
			</div>
			
			<div class="definition">
				<h3 id="struct_nested_thing">Struct: nested_thing</h3>
				<table class="table-bordered table-striped table-condensed">
					<tr>
						<th>Key</th>
						<th>Field</th>
						<th>Type</th>
						<th>Description</th>
						<th>Requiredness</th>
						<th>Default Value</th>
					</tr>
					
					<tr>
						<td>1</td>
						<td>things</td>
						<td><code>list&lt;<a href="#struct_thing">thing</a>&gt;</code></td>
						<td></td>
						<td>default</td>
						<td></td>
					</tr>
					
				</table>
				<br />
				
			</div>
			
			<div class="definition">
				<h3 id="struct_api_exception">Exception: api_exception</h3>
				<table class="table-bordered table-striped table-condensed">
					<tr>
						<th>Key</th>
						<th>Field</th>
						<th>Type</th>
						<th>Description</th>
						<th>Requiredness</th>
						<th>Default Value</th>
					</tr>
					
				</table>
				<br />
				
			</div>
			
			
			
			<hr />
			<h2 id="services">Services</h2>
			
			<h3 id="svc_BaseFoo">Service: BaseFoo</h3>
			
			
			
			<div class="definition">
				<h4 id="fn_BaseFoo_basePing">Function: BaseFoo.basePing</h4>
				<pre><code>void basePing()</code></pre>
				
			</div>
			
			
			
			
		</div>
	</body>
</html>
